// Jest Snapshot v1, https://goo.gl/fbAQLP

exports[`ForecastItem should match snapshot 1`] = `
<DocumentFragment>
  <button
    class="flex-1 p-4 rounded-lg shadow bg-gradient-to-r from-indigo-500 to-blue-400 hover:from-indigo-400 hover:to-blue-300 focus:from-indigo-400 focus: focus:to-blue-300 focus:ring-4 focus:ring-indigo-200 focus:outline-none"
    data-testid="ForecastItem_BUTTON"
    type="button"
  >
    <div
      class="flex flex-col items-center justify-center text-white"
    >
      <p
        class="font-semibold text-gray-100"
        data-testid="ForecastItem_WEEK_DAY"
      >
        Friday
      </p>
      <p
        class="text-xs text-gray-200"
        data-testid="ForecastItem_DATE"
      >
        2021-01-01
      </p>
      <div
        class="flex items-center justify-between"
      >
        <p
          class="text-3xl font-bold"
          data-testid="ForecastItem_THE_TEMP"
        >
          28°
        </p>
        <img
          alt="Heavy Cloud icon"
          class="ml-2 w-7 h-7"
          data-testid="ForecastItem_IMAGE"
          src="/static/images/weather/hc.svg"
          title="Heavy Cloud"
        />
      </div>
      <p
        class="text-sm text-gray-100"
      >
        <span
          data-testid="ForecastItem_MIN_TEMP"
        >
          21
        </span>
        ° ⇄ 
        <span
          data-testid="ForecastItem_MAX_TEMP"
        >
          29
        </span>
        °
      </p>
    </div>
  </button>
</DocumentFragment>
`;
